2025-09-18 18:52:21,044 - ProcessMonitor - INFO - Process Monitor logging initialized
2025-09-18 18:52:21,050 - ProcessMonitor - INFO - PLC Config - COM: COM5, Baud: 38400, Station: 1
2025-09-18 18:52:21,050 - ProcessMonitor - INFO - Attempting to connect to PLC...
2025-09-18 18:52:51,904 - ProcessMonitor - INFO - PLC disconnected
2025-09-18 18:54:14,014 - ProcessMonitor - INFO - Process Monitor logging initialized
2025-09-18 18:54:14,019 - ProcessMonitor - INFO - PLC Config - COM: COM5, Baud: 38400, Station: 1
2025-09-18 18:54:14,021 - ProcessMonitor - INFO - Attempting to connect to PLC...
2025-09-18 18:59:38,334 - ProcessMonitor - INFO - Process Monitor logging initialized
2025-09-18 18:59:38,338 - ProcessMonitor - INFO - PLC Config - COM: COM5, Baud: 38400, Station: 1
2025-09-18 18:59:38,338 - ProcessMonitor - INFO - Attempting to connect to PLC...
2025-09-18 18:59:38,342 - pymodbus.logging - ERROR - could not open port 'COM5': PermissionError(13, 'Access is denied.', None, 5)
2025-09-18 18:59:41,129 - pymodbus.logging - ERROR - Repeating....
2025-09-18 19:02:17,191 - ProcessMonitor - INFO - Process Monitor logging initialized
2025-09-18 19:02:17,196 - ProcessMonitor - INFO - PLC Config - COM: COM5, Baud: 38400, Station: 1
2025-09-18 19:02:17,198 - ProcessMonitor - INFO - Attempting to connect to PLC...
2025-09-18 19:02:17,200 - pymodbus.logging - ERROR - could not open port 'COM5': PermissionError(13, 'Access is denied.', None, 5)
2025-09-18 19:02:27,220 - ProcessMonitor - INFO - Process Monitor logging initialized
2025-09-18 19:02:27,221 - ProcessMonitor - INFO - PLC Config - COM: COM5, Baud: 38400, Station: 1
2025-09-18 19:02:27,221 - ProcessMonitor - INFO - Attempting to connect to PLC...
2025-09-18 19:02:27,221 - pymodbus.logging - ERROR - Repeating....
2025-09-18 19:06:47,044 - ProcessMonitor - INFO - Process Monitor logging initialized
2025-09-18 19:06:47,047 - ProcessMonitor - INFO - PLC Config - COM: COM5, Baud: 38400, Station: 1
2025-09-18 19:06:47,047 - ProcessMonitor - INFO - Attempting to connect to PLC...
2025-09-18 19:06:47,071 - ProcessMonitor - INFO - Trying to connect to COM5...
2025-09-18 19:06:47,071 - pymodbus.logging - ERROR - could not open port 'COM5': PermissionError(13, 'Access is denied.', None, 5)
2025-09-18 19:06:47,073 - ProcessMonitor - INFO - Trying to connect to COM3...
2025-09-18 19:06:47,101 - ProcessMonitor - INFO - PLC connected via Serial - COM3
2025-09-18 19:06:47,101 - ProcessMonitor - INFO - Starting process monitoring loop
2025-09-18 19:06:47,101 - ProcessMonitor - INFO - Process monitoring started
2025-09-18 19:07:07,105 - pymodbus.logging - ERROR - No response received after 3 retries, continue with next request
2025-09-18 19:07:07,105 - ProcessMonitor - ERROR - Error reading process status: Modbus Error: [Input/Output] No response received after 3 retries, continue with next request
2025-09-18 19:07:22,147 - ProcessMonitor - ERROR - Error reading process status: ClearCommError failed (OSError(9, 'The handle is invalid.', None, 6))
2025-09-18 19:07:22,188 - ProcessMonitor - INFO - PLC disconnected
2025-09-18 19:07:22,188 - ProcessMonitor - INFO - Process monitoring stopped
2025-09-18 19:07:30,578 - ProcessMonitor - INFO - Process Monitor logging initialized
2025-09-18 19:07:30,580 - ProcessMonitor - INFO - PLC Config - COM: COM5, Baud: 38400, Station: 1
2025-09-18 19:07:30,580 - ProcessMonitor - INFO - Attempting to connect to PLC...
2025-09-18 19:07:30,599 - ProcessMonitor - INFO - Trying to connect to COM5...
2025-09-18 19:07:30,599 - pymodbus.logging - ERROR - could not open port 'COM5': PermissionError(13, 'Access is denied.', None, 5)
2025-09-18 19:07:30,605 - ProcessMonitor - INFO - Trying to connect to COM3...
2025-09-18 19:07:30,632 - ProcessMonitor - INFO - PLC connected via Serial - COM3
2025-09-18 19:07:30,632 - ProcessMonitor - INFO - Starting process monitoring loop
2025-09-18 19:07:30,632 - ProcessMonitor - INFO - Process monitoring started
2025-09-18 19:07:50,635 - pymodbus.logging - ERROR - No response received after 3 retries, continue with next request
2025-09-18 19:07:50,635 - ProcessMonitor - ERROR - Error reading process status: Modbus Error: [Input/Output] No response received after 3 retries, continue with next request
2025-09-18 19:08:05,690 - ProcessMonitor - ERROR - Error reading process status: ClearCommError failed (OSError(9, 'The handle is invalid.', None, 6))
2025-09-18 19:08:05,738 - ProcessMonitor - INFO - PLC disconnected
2025-09-18 19:08:05,740 - ProcessMonitor - INFO - Process monitoring stopped
2025-09-18 19:08:05,742 - ProcessMonitor - INFO - Process Monitor logging initialized
2025-09-18 19:08:05,746 - ProcessMonitor - INFO - PLC Config - COM: COM5, Baud: 38400, Station: 1
2025-09-18 19:08:05,746 - ProcessMonitor - INFO - Attempting to connect to PLC...
2025-09-18 19:08:05,750 - ProcessMonitor - INFO - Trying to connect to COM5...
2025-09-18 19:08:05,757 - pymodbus.logging - ERROR - could not open port 'COM5': PermissionError(13, 'Access is denied.', None, 5)
2025-09-18 19:08:05,758 - ProcessMonitor - INFO - Trying to connect to COM3...
2025-09-18 19:08:05,795 - ProcessMonitor - INFO - PLC connected via Serial - COM3
2025-09-18 19:08:05,795 - ProcessMonitor - INFO - Starting process monitoring loop
2025-09-18 19:08:05,795 - ProcessMonitor - INFO - Process monitoring started
2025-09-18 19:08:06,727 - ProcessMonitor - INFO - Monitoring loop stopped
2025-09-18 19:08:25,799 - pymodbus.logging - ERROR - No response received after 3 retries, continue with next request
2025-09-18 19:08:25,800 - ProcessMonitor - ERROR - Error reading process status: Modbus Error: [Input/Output] No response received after 3 retries, continue with next request
2025-09-18 19:08:25,883 - ProcessMonitor - INFO - PLC disconnected
2025-09-18 19:08:25,883 - ProcessMonitor - INFO - Process monitoring stopped
2025-09-18 19:29:46,061 - ProcessMonitor - INFO - Process Monitor logging initialized
2025-09-18 19:29:46,064 - ProcessMonitor - INFO - PLC Config - COM: COM5, Baud: 38400, Station: 1
2025-09-18 19:29:46,067 - ProcessMonitor - INFO - Attempting to connect to PLC...
2025-09-18 19:29:46,089 - ProcessMonitor - INFO - Trying to connect to COM5...
2025-09-18 19:29:46,089 - pymodbus.logging - ERROR - could not open port 'COM5': PermissionError(13, 'Access is denied.', None, 5)
2025-09-18 19:29:46,090 - ProcessMonitor - INFO - Trying to connect to COM3...
2025-09-18 19:29:46,128 - ProcessMonitor - INFO - PLC connected via Serial - COM3
2025-09-18 19:29:46,129 - ProcessMonitor - INFO - Starting process monitoring loop
2025-09-18 19:29:46,129 - ProcessMonitor - INFO - Process monitoring started
2025-09-18 19:29:46,130 - ProcessMonitor - INFO - Continuous mode enabled - starting first cycle...
2025-09-18 19:29:48,131 - ProcessMonitor - INFO - Initiating first testing cycle...
2025-09-18 19:29:48,131 - ProcessMonitor - INFO - Restarting testing cycle #1...
2025-09-18 19:29:48,131 - ProcessMonitor - INFO - Starting cycle #1 (Continuous mode: True)
2025-09-18 19:30:06,133 - pymodbus.logging - ERROR - No response received after 3 retries, continue with next request
2025-09-18 19:30:06,133 - ProcessMonitor - ERROR - Error reading process status: Modbus Error: [Input/Output] No response received after 3 retries, continue with next request
2025-09-18 19:30:26,137 - pymodbus.logging - ERROR - Repeating....
2025-09-18 19:30:26,137 - ProcessMonitor - WARNING - PLC restart command error: Modbus Error: [Input/Output] No response received after 3 retries, continue with next request
2025-09-18 19:30:26,138 - ProcessMonitor - INFO - Cycle #1 initiated successfully
2025-09-18 19:30:46,138 - pymodbus.logging - ERROR - No response received after 3 retries, continue with next request
2025-09-18 19:30:46,138 - ProcessMonitor - ERROR - Error reading process status: Modbus Error: [Input/Output] No response received after 3 retries, continue with next request
2025-09-18 19:31:07,144 - pymodbus.logging - ERROR - No response received after 3 retries, continue with next request
2025-09-18 19:31:07,144 - ProcessMonitor - ERROR - Error reading process status: Modbus Error: [Input/Output] No response received after 3 retries, continue with next request
2025-09-18 19:31:28,151 - pymodbus.logging - ERROR - No response received after 3 retries, continue with next request
2025-09-18 19:31:28,153 - ProcessMonitor - ERROR - Error reading process status: Modbus Error: [Input/Output] No response received after 3 retries, continue with next request
2025-09-18 19:31:49,158 - pymodbus.logging - ERROR - No response received after 3 retries, continue with next request
2025-09-18 19:31:49,160 - ProcessMonitor - ERROR - Error reading process status: Modbus Error: [Input/Output] No response received after 3 retries, continue with next request
2025-09-18 19:32:10,163 - pymodbus.logging - ERROR - No response received after 3 retries, continue with next request
2025-09-18 19:32:10,163 - ProcessMonitor - ERROR - Error reading process status: Modbus Error: [Input/Output] No response received after 3 retries, continue with next request
2025-09-18 19:32:31,169 - ProcessMonitor - ERROR - Error reading process status: Modbus Error: [Input/Output] ERROR: No response received of the last requests (default: retries+3), CLOSING CONNECTION.
2025-09-18 19:32:52,174 - ProcessMonitor - ERROR - Error reading process status: Modbus Error: [Input/Output] ERROR: No response received of the last requests (default: retries+3), CLOSING CONNECTION.
2025-09-18 19:33:05,095 - ProcessMonitor - INFO - Process Monitor logging initialized
2025-09-18 19:33:05,098 - ProcessMonitor - INFO - PLC Config - COM: COM5, Baud: 38400, Station: 1
2025-09-18 19:33:05,100 - ProcessMonitor - INFO - Attempting to connect to PLC...
2025-09-18 19:33:05,121 - ProcessMonitor - INFO - Trying to connect to COM5...
2025-09-18 19:33:05,122 - pymodbus.logging - ERROR - could not open port 'COM5': PermissionError(13, 'Access is denied.', None, 5)
2025-09-18 19:33:05,122 - ProcessMonitor - INFO - Trying to connect to COM3...
2025-09-18 19:33:05,122 - pymodbus.logging - ERROR - could not open port 'COM3': PermissionError(13, 'Access is denied.', None, 5)
2025-09-18 19:33:05,122 - ProcessMonitor - ERROR - Serial connection failed on all available ports
2025-09-18 19:33:05,122 - ProcessMonitor - ERROR - Failed to connect to PLC
2025-09-18 19:33:13,179 - ProcessMonitor - ERROR - Error reading process status: Modbus Error: [Input/Output] ERROR: No response received of the last requests (default: retries+3), CLOSING CONNECTION.
2025-09-18 19:34:00,162 - ProcessMonitor - INFO - Process Monitor logging initialized
2025-09-18 19:34:00,165 - ProcessMonitor - INFO - PLC Config - COM: COM5, Baud: 38400, Station: 1
2025-09-18 19:34:00,166 - ProcessMonitor - INFO - Attempting to connect to PLC...
2025-09-18 19:34:00,185 - ProcessMonitor - INFO - Trying to connect to COM5...
2025-09-18 19:34:00,187 - ProcessMonitor - INFO - PLC connected via Serial - COM5
2025-09-18 19:34:00,188 - ProcessMonitor - INFO - Starting process monitoring loop
2025-09-18 19:34:00,189 - ProcessMonitor - INFO - Process monitoring started
2025-09-18 19:34:00,189 - ProcessMonitor - INFO - Continuous cycling initialized - ready for first cycle
2025-09-18 19:34:00,212 - ProcessMonitor - INFO - Status change: {'AUTO': False, 'HOME': False, 'PULL1_OK': False, 'PULL1_NG': False, 'PULL2_OK': False, 'PULL2_NG': False, 'TESTRESULT_OK': False, 'TESTRESULT_NG': False}
2025-09-18 19:37:28,071 - ProcessMonitor - INFO - Monitoring loop stopped
2025-09-18 19:37:53,436 - ProcessMonitor - INFO - Process Monitor logging initialized
2025-09-18 19:37:53,444 - ProcessMonitor - INFO - PLC Config - COM: COM5, Baud: 38400, Station: 1
2025-09-18 19:37:53,444 - ProcessMonitor - INFO - Attempting to connect to PLC...
2025-09-18 19:37:53,467 - ProcessMonitor - INFO - Trying to connect to COM5...
2025-09-18 19:37:53,470 - ProcessMonitor - INFO - PLC connected via Serial - COM5
2025-09-18 19:37:53,470 - ProcessMonitor - INFO - Starting process monitoring loop
2025-09-18 19:37:53,470 - ProcessMonitor - INFO - Process monitoring started
2025-09-18 19:37:53,472 - ProcessMonitor - INFO - Continuous cycling initialized - ready for first cycle
2025-09-18 19:37:53,494 - ProcessMonitor - INFO - Status change: {'AUTO': False, 'HOME': False, 'PULL1_OK': False, 'PULL1_NG': False, 'PULL2_OK': False, 'PULL2_NG': False, 'TESTRESULT_OK': False, 'TESTRESULT_NG': False}
